Archive member included to satisfy reference by file (symbol)

c:/nxp/mcuxpressoide_10.3.1_2233/ide/plugins/com.nxp.mcuxpresso.tools.win32_10.3.0.201811011841/tools/bin/../lib/gcc/arm-none-eabi/7.3.1/../../../../arm-none-eabi/lib/thumb/v6-m\libcr_nohost_nf.a(_cr__main.o)
                              ./startup/startup_mkl25z4.o (__main)
c:/nxp/mcuxpressoide_10.3.1_2233/ide/plugins/com.nxp.mcuxpresso.tools.win32_10.3.0.201811011841/tools/bin/../lib/gcc/arm-none-eabi/7.3.1/../../../../arm-none-eabi/lib/thumb/v6-m\libcr_c.a(memcpy.o)
                              ./drivers/fsl_flash.o (memcpy)
c:/nxp/mcuxpressoide_10.3.1_2233/ide/plugins/com.nxp.mcuxpresso.tools.win32_10.3.0.201811011841/tools/bin/../lib/gcc/arm-none-eabi/7.3.1/../../../../arm-none-eabi/lib/thumb/v6-m\libcr_c.a(memset.o)
                              ./drivers/fsl_flash.o (memset)
c:/nxp/mcuxpressoide_10.3.1_2233/ide/plugins/com.nxp.mcuxpresso.tools.win32_10.3.0.201811011841/tools/bin/../lib/gcc/arm-none-eabi/7.3.1/../../../../arm-none-eabi/lib/thumb/v6-m\libcr_c.a(initio.o)
                              c:/nxp/mcuxpressoide_10.3.1_2233/ide/plugins/com.nxp.mcuxpresso.tools.win32_10.3.0.201811011841/tools/bin/../lib/gcc/arm-none-eabi/7.3.1/../../../../arm-none-eabi/lib/thumb/v6-m\libcr_nohost_nf.a(_cr__main.o) (_initio)
c:/nxp/mcuxpressoide_10.3.1_2233/ide/plugins/com.nxp.mcuxpresso.tools.win32_10.3.0.201811011841/tools/bin/../lib/gcc/arm-none-eabi/7.3.1/../../../../arm-none-eabi/lib/thumb/v6-m\libcr_c.a(setvbuf.o)
                              c:/nxp/mcuxpressoide_10.3.1_2233/ide/plugins/com.nxp.mcuxpresso.tools.win32_10.3.0.201811011841/tools/bin/../lib/gcc/arm-none-eabi/7.3.1/../../../../arm-none-eabi/lib/thumb/v6-m\libcr_c.a(initio.o) (setvbuf)
c:/nxp/mcuxpressoide_10.3.1_2233/ide/plugins/com.nxp.mcuxpresso.tools.win32_10.3.0.201811011841/tools/bin/../lib/gcc/arm-none-eabi/7.3.1/../../../../arm-none-eabi/lib/thumb/v6-m\libcr_c.a(strlen.o)
                              ./utilities/fsl_debug_console.o (strlen)
c:/nxp/mcuxpressoide_10.3.1_2233/ide/plugins/com.nxp.mcuxpresso.tools.win32_10.3.0.201811011841/tools/bin/../lib/gcc/arm-none-eabi/7.3.1/../../../../arm-none-eabi/lib/thumb/v6-m\libcr_c.a(_fdopen.o)
                              c:/nxp/mcuxpressoide_10.3.1_2233/ide/plugins/com.nxp.mcuxpresso.tools.win32_10.3.0.201811011841/tools/bin/../lib/gcc/arm-none-eabi/7.3.1/../../../../arm-none-eabi/lib/thumb/v6-m\libcr_c.a(initio.o) (_fdopen)
c:/nxp/mcuxpressoide_10.3.1_2233/ide/plugins/com.nxp.mcuxpresso.tools.win32_10.3.0.201811011841/tools/bin/../lib/gcc/arm-none-eabi/7.3.1/../../../../arm-none-eabi/lib/thumb/v6-m\libcr_c.a(fclose.o)
                              c:/nxp/mcuxpressoide_10.3.1_2233/ide/plugins/com.nxp.mcuxpresso.tools.win32_10.3.0.201811011841/tools/bin/../lib/gcc/arm-none-eabi/7.3.1/../../../../arm-none-eabi/lib/thumb/v6-m\libcr_c.a(initio.o) (fclose)
c:/nxp/mcuxpressoide_10.3.1_2233/ide/plugins/com.nxp.mcuxpresso.tools.win32_10.3.0.201811011841/tools/bin/../lib/gcc/arm-none-eabi/7.3.1/../../../../arm-none-eabi/lib/thumb/v6-m\libcr_c.a(fflush.o)
                              c:/nxp/mcuxpressoide_10.3.1_2233/ide/plugins/com.nxp.mcuxpresso.tools.win32_10.3.0.201811011841/tools/bin/../lib/gcc/arm-none-eabi/7.3.1/../../../../arm-none-eabi/lib/thumb/v6-m\libcr_c.a(fclose.o) (fflush)
c:/nxp/mcuxpressoide_10.3.1_2233/ide/plugins/com.nxp.mcuxpresso.tools.win32_10.3.0.201811011841/tools/bin/../lib/gcc/arm-none-eabi/7.3.1/../../../../arm-none-eabi/lib/thumb/v6-m\libcr_c.a(fseek.o)
                              c:/nxp/mcuxpressoide_10.3.1_2233/ide/plugins/com.nxp.mcuxpresso.tools.win32_10.3.0.201811011841/tools/bin/../lib/gcc/arm-none-eabi/7.3.1/../../../../arm-none-eabi/lib/thumb/v6-m\libcr_c.a(_fdopen.o) (fseek)
c:/nxp/mcuxpressoide_10.3.1_2233/ide/plugins/com.nxp.mcuxpresso.tools.win32_10.3.0.201811011841/tools/bin/../lib/gcc/arm-none-eabi/7.3.1/../../../../arm-none-eabi/lib/thumb/v6-m\libcr_c.a(ftell.o)
                              c:/nxp/mcuxpressoide_10.3.1_2233/ide/plugins/com.nxp.mcuxpresso.tools.win32_10.3.0.201811011841/tools/bin/../lib/gcc/arm-none-eabi/7.3.1/../../../../arm-none-eabi/lib/thumb/v6-m\libcr_c.a(fseek.o) (ftell)
c:/nxp/mcuxpressoide_10.3.1_2233/ide/plugins/com.nxp.mcuxpresso.tools.win32_10.3.0.201811011841/tools/bin/../lib/gcc/arm-none-eabi/7.3.1/../../../../arm-none-eabi/lib/thumb/v6-m\libcr_c.a(remove.o)
                              c:/nxp/mcuxpressoide_10.3.1_2233/ide/plugins/com.nxp.mcuxpresso.tools.win32_10.3.0.201811011841/tools/bin/../lib/gcc/arm-none-eabi/7.3.1/../../../../arm-none-eabi/lib/thumb/v6-m\libcr_c.a(fclose.o) (remove)
c:/nxp/mcuxpressoide_10.3.1_2233/ide/plugins/com.nxp.mcuxpresso.tools.win32_10.3.0.201811011841/tools/bin/../lib/gcc/arm-none-eabi/7.3.1/../../../../arm-none-eabi/lib/thumb/v6-m\libcr_c.a(_do_fflush.o)
[...]
Memory Configuration

Name             Origin             Length             Attributes
PROGRAM_FLASH    0x00000000         0x00020000         xr
SRAM             0x1ffff000         0x00004000         xrw
*default*        0x00000000         0xffffffff

Linker script and memory map

LOAD ./utilities/fsl_debug_console.o
LOAD ./startup/startup_mkl25z4.o
LOAD ./source/buffahiti_4.o
LOAD ./source/fsm.o
LOAD ./source/mtb.o
LOAD ./source/pwm_touch.o
LOAD ./source/semihost_hardfault.o
LOAD ./drivers/fsl_clock.o
LOAD ./drivers/fsl_common.o
LOAD ./drivers/fsl_flash.o
LOAD ./drivers/fsl_gpio.o
LOAD ./drivers/fsl_lpsci.o
LOAD ./drivers/fsl_smc.o
LOAD ./drivers/fsl_uart.o
LOAD ./board/board.o
LOAD ./board/clock_config.o
LOAD ./board/peripherals.o
LOAD ./board/pin_mux.o
LOAD ./CMSIS/system_MKL25Z4.o
START GROUP
LOAD c:/nxp/mcuxpressoide_10.3.1_2233/ide/plugins/com.nxp.mcuxpresso.tools.win32_10.3.0.201811011841/tools/bin/../lib/gcc/arm-none-eabi/7.3.1/../../../../arm-none-eabi/lib/thumb/v6-m\libcr_nohost_nf.a
LOAD c:/nxp/mcuxpressoide_10.3.1_2233/ide/plugins/com.nxp.mcuxpresso.tools.win32_10.3.0.201811011841/tools/bin/../lib/gcc/arm-none-eabi/7.3.1/../../../../arm-none-eabi/lib/thumb/v6-m\libcr_c.a
LOAD c:/nxp/mcuxpressoide_10.3.1_2233/ide/plugins/com.nxp.mcuxpresso.tools.win32_10.3.0.201811011841/tools/bin/../lib/gcc/arm-none-eabi/7.3.1/thumb/v6-m\libcr_eabihelpers.a
LOAD c:/nxp/mcuxpressoide_10.3.1_2233/ide/plugins/com.nxp.mcuxpresso.tools.win32_10.3.0.201811011841/tools/bin/../lib/gcc/arm-none-eabi/7.3.1/thumb/v6-m\libgcc.a
END GROUP
                0x00000000                __base_PROGRAM_FLASH = 0x0
                0x00000000                __base_Flash = 0x0
                0x00020000                __top_PROGRAM_FLASH = 0x20000
                0x00020000                __top_Flash = 0x20000
                0x1ffff000                __base_SRAM = 0x1ffff000
                0x1ffff000                __base_RAM = 0x1ffff000
                0x20003000                __top_SRAM = 0x20003000
                0x20003000                __top_RAM = 0x20003000

.text           0x00000000     0x41f4
 FILL mask 0xff
                0x00000000                __vectors_start__ = ABSOLUTE (.)
 *(SORT_BY_ALIGNMENT(.isr_vector))
 .isr_vector    0x00000000       0xc0 ./startup/startup_mkl25z4.o
                0x00000000                g_pfnVectors
                0x00000000                __Vectors
                0x000000c0                . = ALIGN (0x4)
                0x000000c0                __section_table_start = .
                0x000000c0                __data_section_table = .
                0x000000c0        0x4 LONG 0x41f4 LOADADDR (.data)
                0x000000c4        0x4 LONG 0x1ffff080 ADDR (.data)
                0x000000c8        0x4 LONG 0x8 SIZEOF (.data)
                0x000000cc                __data_section_table_end = .
                0x000000cc                __bss_section_table = .
                0x000000cc        0x4 LONG 0x1ffff088 ADDR (.bss)
                0x000000d0        0x4 LONG 0x114 SIZEOF (.bss)
                0x000000d4                __bss_section_table_end = .
                0x000000d4                __section_table_end = .
 *(SORT_BY_ALIGNMENT(.after_vectors*))
 .after_vectors.reset
                0x000000d4       0x4c ./startup/startup_mkl25z4.o
                0x000000d4                ResetISR
 .after_vectors.init_data
                0x00000120       0x16 ./startup/startup_mkl25z4.o
                0x00000120                data_init
 .after_vectors.init_bss
                0x00000136       0x12 ./startup/startup_mkl25z4.o
                0x00000136                bss_init
 .after_vectors
                0x00000148      0x10c ./startup/startup_mkl25z4.o
                0x00000148                NMI_Handler
                0x0000014c                SVC_Handler
                0x0000014e                PendSV_Handler
                0x00000152                SPI1_DriverIRQHandler
                0x00000152                LPTMR0_DriverIRQHandler
                0x00000152                DMA0_DriverIRQHandler
                0x00000152                I2C0_DriverIRQHandler
                0x00000152                Reserved39_DriverIRQHandler
                0x00000152                PORTD_DriverIRQHandler
                0x00000152                DMA2_DriverIRQHandler
                0x00000152                CMP0_DriverIRQHandler
                0x00000152                TPM2_DriverIRQHandler
                0x00000152                ADC0_DriverIRQHandler
                0x00000152                SPI0_DriverIRQHandler
                0x00000152                TSI0_DriverIRQHandler
                0x00000152                RTC_Seconds_DriverIRQHandler
                0x00000152                I2C1_DriverIRQHandler
                0x00000152                DMA1_DriverIRQHandler
                0x00000152                LLWU_DriverIRQHandler
                0x00000152                MCG_DriverIRQHandler
                0x00000152                PIT_DriverIRQHandler
                0x00000152                RTC_DriverIRQHandler
                0x00000152                TPM1_DriverIRQHandler
                0x00000152                FTFA_DriverIRQHandler
                0x00000152                IntDefaultHandler
                0x00000152                USB0_DriverIRQHandler
                0x00000152                DAC0_DriverIRQHandler
                0x00000152                PORTA_DriverIRQHandler
                0x00000152                LVD_LVW_DriverIRQHandler
                0x00000152                TPM0_DriverIRQHandler
                0x00000152                Reserved45_DriverIRQHandler
                0x00000152                DMA3_DriverIRQHandler
                0x00000152                Reserved20_DriverIRQHandler
                0x00000154                DMA0_IRQHandler
                0x0000015c                DMA1_IRQHandler
                0x00000164                DMA2_IRQHandler
                0x0000016c                DMA3_IRQHandler
                0x00000174                Reserved20_IRQHandler
                0x0000017c                FTFA_IRQHandler
                0x00000184                LVD_LVW_IRQHandler
                0x0000018c                LLWU_IRQHandler
                0x00000194                I2C0_IRQHandler
                0x0000019c                I2C1_IRQHandler
                0x000001a4                SPI0_IRQHandler
                0x000001ac                SPI1_IRQHandler
                0x000001b4                UART0_IRQHandler
                0x000001bc                UART1_IRQHandler
                0x000001c4                UART2_IRQHandler
                0x000001cc                ADC0_IRQHandler
                0x000001d4                CMP0_IRQHandler
                0x000001dc                TPM0_IRQHandler
                0x000001e4                TPM1_IRQHandler
                0x000001ec                TPM2_IRQHandler
                0x000001f4                RTC_IRQHandler
                0x000001fc                RTC_Seconds_IRQHandler
                0x00000204                PIT_IRQHandler
                0x0000020c                Reserved39_IRQHandler
                0x00000214                USB0_IRQHandler
                0x0000021c                DAC0_IRQHandler
                0x00000224                TSI0_IRQHandler
                0x0000022c                MCG_IRQHandler
                0x00000234                LPTMR0_IRQHandler
                0x0000023c                Reserved45_IRQHandler
                0x00000244                PORTA_IRQHandler
                0x0000024c                PORTD_IRQHandler
                0x00000400                . = 0x400
 *fill*         0x00000254      0x1ac ff
                0x00000400                PROVIDE (__FLASH_CONFIG_START__ = .)
 *(SORT_BY_ALIGNMENT(.FlashConfig))
 .FlashConfig   0x00000400       0x10 ./startup/startup_mkl25z4.o
                0x00000400                Flash_Config
                0x00000410                PROVIDE (__FLASH_CONFIG_END__ = .)
                0x00000001                ASSERT (! ((__FLASH_CONFIG_START__ == __FLASH_CONFIG_END__)), Linker Flash Config Support Enabled, but no .FlashConfig section provided within application)
 *(SORT_BY_ALIGNMENT(.text*))
 .text.DbgConsole_Init
                0x00000410       0xf4 ./utilities/fsl_debug_console.o
                0x00000410                DbgConsole_Init
 .text.DbgConsole_Printf
                0x00000504       0x44 ./utilities/fsl_debug_console.o
                0x00000504                DbgConsole_Printf
 .text.DbgConsole_Putchar
                0x00000548       0x34 ./utilities/fsl_debug_console.o
                0x00000548                DbgConsole_Putchar
 .text.main     0x0000057c       0x34 ./source/buffahiti_4.o
                0x0000057c                main
 .text.NVIC_SetPriority
                0x000005b0       0xdc ./source/fsm.o
 .text.init_systick
                0x0000068c       0x3c ./source/fsm.o
                0x0000068c                init_systick
 .text.SysTick_Handler
                0x000006c8       0x50 ./source/fsm.o
                0x000006c8                SysTick_Handler
 .text.now      0x00000718       0x14 ./source/fsm.o
                0x00000718                now
 .text.state_machine
                0x0000072c      0x33c ./source/fsm.o
                0x0000072c                state_machine
 .text.main_loop
                0x00000a68      0x31c ./source/fsm.o
                0x00000a68                main_loop
 .text.init_touch
                0x00000d84       0x38 ./source/pwm_touch.o
                0x00000d84                init_touch
 .text.touch_scan
                0x00000dbc       0x6c ./source/pwm_touch.o
                0x00000dbc                touch_scan
 .text.init_pwm
                0x00000e28      0x10c ./source/pwm_touch.o
                0x00000e28                init_pwm
 .text.HardFault_Handler
                0x00000f34       0x30 ./source/semihost_hardfault.o
                0x00000f34                HardFault_Handler
 .text.CLOCK_SetEr32kClock
                0x00000f64       0x34 ./drivers/fsl_clock.o
 .text.CLOCK_SetPllFllSelClock
                0x00000f98       0x38 ./drivers/fsl_clock.o
 .text.CLOCK_GetMcgExtClkFreq
                0x00000fd0       0x28 ./drivers/fsl_clock.o
 .text.CLOCK_GetFllExtRefClkFreq
                0x00000ff8       0xa4 ./drivers/fsl_clock.o
 .text.CLOCK_GetFllRefClkFreq
                0x0000109c       0x2c ./drivers/fsl_clock.o
 .text.CLOCK_GetOscRangeFromFreq
                0x000010c8       0x4c ./drivers/fsl_clock.o
 .text.CLOCK_GetPllFllSelClkFreq
                0x00001114       0x4c ./drivers/fsl_clock.o
                0x00001114                CLOCK_GetPllFllSelClkFreq
 .text.CLOCK_SetSimConfig
                0x00001160       0x38 ./drivers/fsl_clock.o
                0x00001160                CLOCK_SetSimConfig
 .text.CLOCK_GetFllFreq
                0x00001198       0x84 ./drivers/fsl_clock.o
                0x00001198                CLOCK_GetFllFreq
 .text.CLOCK_GetPll0Freq
                0x0000121c       0x70 ./drivers/fsl_clock.o
                0x0000121c                CLOCK_GetPll0Freq
 .text.CLOCK_SetInternalRefClkConfig
                0x0000128c      0x128 ./drivers/fsl_clock.o
                0x0000128c                CLOCK_SetInternalRefClkConfig
 .text.CLOCK_EnablePll0
                0x000013b4       0x90 ./drivers/fsl_clock.o
                0x000013b4                CLOCK_EnablePll0
 .text.CLOCK_InitOsc0
                0x00001444       0x94 ./drivers/fsl_clock.o
                0x00001444                CLOCK_InitOsc0
 .text.CLOCK_SetPbeMode
                0x000014d8       0xb0 ./drivers/fsl_clock.o
                0x000014d8                CLOCK_SetPbeMode
 .text.CLOCK_BootToPeeMode
                0x00001588       0x70 ./drivers/fsl_clock.o
                0x00001588                CLOCK_BootToPeeMode
 .text.__assertion_failed
                0x000015f8       0x1c ./drivers/fsl_common.o
                0x000015f8                __assertion_failed
 .text.CLOCK_EnableClock
                0x00001614       0x34 ./drivers/fsl_lpsci.o
 .text.LPSCI_GetInstance
                0x00001648       0x48 ./drivers/fsl_lpsci.o
                0x00001648                LPSCI_GetInstance
 .text.LPSCI_Init
                0x00001690      0x260 ./drivers/fsl_lpsci.o
                0x00001690                LPSCI_Init
 .text.LPSCI_GetDefaultConfig
                0x000018f0       0x44 ./drivers/fsl_lpsci.o
                0x000018f0                LPSCI_GetDefaultConfig
 .text.LPSCI_ClearStatusFlags
                0x00001934       0x94 ./drivers/fsl_lpsci.o
                0x00001934                LPSCI_ClearStatusFlags
 .text.LPSCI_WriteBlocking
                0x000019c8       0x4c ./drivers/fsl_lpsci.o
                0x000019c8                LPSCI_WriteBlocking
 .text.LPSCI_ReadBlocking
                0x00001a14       0xc0 ./drivers/fsl_lpsci.o
                0x00001a14                LPSCI_ReadBlocking
 .text.UART0_DriverIRQHandler
                0x00001ad4       0x24 ./drivers/fsl_lpsci.o
                0x00001ad4                UART0_DriverIRQHandler
 .text.CLOCK_EnableClock
                0x00001af8       0x34 ./drivers/fsl_uart.o
 .text.UART_GetInstance
                0x00001b2c       0x54 ./drivers/fsl_uart.o
                0x00001b2c                UART_GetInstance
 .text.UART_Init
                0x00001b80      0x1e8 ./drivers/fsl_uart.o
                0x00001b80                UART_Init
 .text.UART_GetDefaultConfig
                0x00001d68       0x44 ./drivers/fsl_uart.o
                0x00001d68                UART_GetDefaultConfig
 .text.UART_ReadBlocking
                0x00001dac       0x98 ./drivers/fsl_uart.o
                0x00001dac                UART_ReadBlocking
 .text.UART1_DriverIRQHandler
                0x00001e44       0x24 ./drivers/fsl_uart.o
                0x00001e44                UART1_DriverIRQHandler
 .text.UART2_DriverIRQHandler
                0x00001e68       0x24 ./drivers/fsl_uart.o
                0x00001e68                UART2_DriverIRQHandler
 .text.CLOCK_SetLpsci0Clock
                0x00001e8c       0x38 ./board/board.o
 .text.BOARD_InitDebugConsole
                0x00001ec4       0x30 ./board/board.o
                0x00001ec4                BOARD_InitDebugConsole
 .text.CLOCK_SetSimSafeDivs
                0x00001ef4       0x20 ./board/clock_config.o
 .text.CLOCK_SetXtal0Freq
                0x00001f14       0x1c ./board/clock_config.o
 .text.CLOCK_CONFIG_SetFllExtRefDiv
                0x00001f30       0x3c ./board/clock_config.o
 .text.BOARD_BootClockRUN
                0x00001f6c       0x64 ./board/clock_config.o
                0x00001f6c                BOARD_BootClockRUN
 .text.CLOCK_EnableClock
                0x00001fd0       0x34 ./board/pin_mux.o
 .text.PORT_SetPinMux
                0x00002004       0x40 ./board/pin_mux.o
 .text.BOARD_InitPins
                0x00002044       0x4c ./board/pin_mux.o
                0x00002044                BOARD_InitPins
 .text.SystemInit
                0x00002090       0x18 ./CMSIS/system_MKL25Z4.o
                0x00002090                SystemInit
 .text._initio  0x000020a8       0x7c c:/nxp/mcuxpressoide_10.3.1_2233/ide/plugins/com.nxp.mcuxpresso.tools.win32_10.3.0.201811011841/tools/bin/../lib/gcc/arm-none-eabi/7.3.1/../../../../arm-none-eabi/lib/thumb/v6-m\libcr_c.a(initio.o)
                0x000020a8                _initio
 .text.setvbuf  0x00002124       0x48 c:/nxp/mcuxpressoide_10.3.1_2233/ide/plugins/com.nxp.mcuxpresso.tools.win32_10.3.0.201811011841/tools/bin/../lib/gcc/arm-none-eabi/7.3.1/../../../../arm-none-eabi/lib/thumb/v6-m\libcr_c.a(setvbuf.o)
                0x00002124                setvbuf
 .text.strlen   0x0000216c       0x58 c:/nxp/mcuxpressoide_10.3.1_2233/ide/plugins/com.nxp.mcuxpresso.tools.win32_10.3.0.201811011841/tools/bin/../lib/gcc/arm-none-eabi/7.3.1/../../../../arm-none-eabi/lib/thumb/v6-m\libcr_c.a(strlen.o)
                0x0000216c                strlen
 .text._fdopen  0x000021c4       0x74 c:/nxp/mcuxpressoide_10.3.1_2233/ide/plugins/com.nxp.mcuxpresso.tools.win32_10.3.0.201811011841/tools/bin/../lib/gcc/arm-none-eabi/7.3.1/../../../../arm-none-eabi/lib/thumb/v6-m\libcr_c.a(_fdopen.o)
                0x000021c4                _fdopen
 .text.fclose   0x00002238       0x5c c:/nxp/mcuxpressoide_10.3.1_2233/ide/plugins/com.nxp.mcuxpresso.tools.win32_10.3.0.201811011841/tools/bin/../lib/gcc/arm-none-eabi/7.3.1/../../../../arm-none-eabi/lib/thumb/v6-m\libcr_c.a(fclose.o)
                0x00002238                fclose
 .text.fflush   0x00002294       0x44 c:/nxp/mcuxpressoide_10.3.1_2233/ide/plugins/com.nxp.mcuxpresso.tools.win32_10.3.0.201811011841/tools/bin/../lib/gcc/arm-none-eabi/7.3.1/../../../../arm-none-eabi/lib/thumb/v6-m\libcr_c.a(fflush.o)
                0x00002294                fflush
 .text.fseek    0x000022d8       0xf0 c:/nxp/mcuxpressoide_10.3.1_2233/ide/plugins/com.nxp.mcuxpresso.tools.win32_10.3.0.201811011841/tools/bin/../lib/gcc/arm-none-eabi/7.3.1/../../../../arm-none-eabi/lib/thumb/v6-m\libcr_c.a(fseek.o)
                0x000022d8                fseek
 .text.ftell    0x000023c8       0x48 c:/nxp/mcuxpressoide_10.3.1_2233/ide/plugins/com.nxp.mcuxpresso.tools.win32_10.3.0.201811011841/tools/bin/../lib/gcc/arm-none-eabi/7.3.1/../../../../arm-none-eabi/lib/thumb/v6-m\libcr_c.a(ftell.o)
                0x000023c8                ftell
 .text._do_fflush
                0x00002410       0x44 c:/nxp/mcuxpressoide_10.3.1_2233/ide/plugins/com.nxp.mcuxpresso.tools.win32_10.3.0.201811011841/tools/bin/../lib/gcc/arm-none-eabi/7.3.1/../../../../arm-none-eabi/lib/thumb/v6-m\libcr_c.a(_do_fflush.o)
                0x00002410                _do_fflush
 .text._fflush  0x00002454       0x5c c:/nxp/mcuxpressoide_10.3.1_2233/ide/plugins/com.nxp.mcuxpresso.tools.win32_10.3.0.201811011841/tools/bin/../lib/gcc/arm-none-eabi/7.3.1/../../../../arm-none-eabi/lib/thumb/v6-m\libcr_c.a(_fflush.o)
                0x00002454                _fflush
 .text._Cwritebuf
                0x000024b0       0x68 c:/nxp/mcuxpressoide_10.3.1_2233/ide/plugins/com.nxp.mcuxpresso.tools.win32_10.3.0.201811011841/tools/bin/../lib/gcc/arm-none-eabi/7.3.1/../../../../arm-none-eabi/lib/thumb/v6-m\libcr_c.a(_writebuf.o)
                0x000024b0                _Cwritebuf
 .text._deferredlazyseek
                0x00002518       0x40 c:/nxp/mcuxpressoide_10.3.1_2233/ide/plugins/com.nxp.mcuxpresso.tools.win32_10.3.0.201811011841/tools/bin/../lib/gcc/arm-none-eabi/7.3.1/../../../../arm-none-eabi/lib/thumb/v6-m\libcr_c.a(_deferredlazyseek.o)
                0x00002518                _deferredlazyseek
 .text.__aeabi_dsub
                0x00002558      0x1bc c:/nxp/mcuxpressoide_10.3.1_2233/ide/plugins/com.nxp.mcuxpresso.tools.win32_10.3.0.201811011841/tools/bin/../lib/gcc/arm-none-eabi/7.3.1/thumb/v6-m\libcr_eabihelpers.a(double.o)
                0x00002558                __aeabi_dsub
 .text.__aeabi_dadd
                0x00002714      0x128 c:/nxp/mcuxpressoide_10.3.1_2233/ide/plugins/com.nxp.mcuxpresso.tools.win32_10.3.0.201811011841/tools/bin/../lib/gcc/arm-none-eabi/7.3.1/thumb/v6-m\libcr_eabihelpers.a(double.o)
                0x00002714                __aeabi_dadd
 .text.__aeabi_d2f
                0x0000283c       0x60 c:/nxp/mcuxpressoide_10.3.1_2233/ide/plugins/com.nxp.mcuxpresso.tools.win32_10.3.0.201811011841/tools/bin/../lib/gcc/arm-none-eabi/7.3.1/thumb/v6-m\libcr_eabihelpers.a(double.o)
                0x0000283c                __aeabi_d2f
 .text.__aeabi_fmul
                0x0000289c       0xc4 c:/nxp/mcuxpressoide_10.3.1_2233/ide/plugins/com.nxp.mcuxpresso.tools.win32_10.3.0.201811011841/tools/bin/../lib/gcc/arm-none-eabi/7.3.1/thumb/v6-m\libcr_eabihelpers.a(float.o)
                0x0000289c                __aeabi_fmul
 .text.__aeabi_fdiv
                0x00002960       0xdc c:/nxp/mcuxpressoide_10.3.1_2233/ide/plugins/com.nxp.mcuxpresso.tools.win32_10.3.0.201811011841/tools/bin/../lib/gcc/arm-none-eabi/7.3.1/thumb/v6-m\libcr_eabihelpers.a(float.o)
                0x00002960                __aeabi_fdiv
 .text.__aeabi_fsub
                0x00002a3c      0x130 c:/nxp/mcuxpressoide_10.3.1_2233/ide/plugins/com.nxp.mcuxpresso.tools.win32_10.3.0.201811011841/tools/bin/../lib/gcc/arm-none-eabi/7.3.1/thumb/v6-m\libcr_eabihelpers.a(float.o)
                0x00002a3c                __aeabi_fsub
 .text.__aeabi_fadd
                0x00002b6c       0xb0 c:/nxp/mcuxpressoide_10.3.1_2233/ide/plugins/com.nxp.mcuxpresso.tools.win32_10.3.0.201811011841/tools/bin/../lib/gcc/arm-none-eabi/7.3.1/thumb/v6-m\libcr_eabihelpers.a(float.o)
                0x00002b6c                __aeabi_fadd
 .text.__aeabi_f2d
                0x00002c1c       0x3c c:/nxp/mcuxpressoide_10.3.1_2233/ide/plugins/com.nxp.mcuxpresso.tools.win32_10.3.0.201811011841/tools/bin/../lib/gcc/arm-none-eabi/7.3.1/thumb/v6-m\libcr_eabihelpers.a(float.o)
                0x00002c1c                __aeabi_f2d
 .text.UART_EnableTx
                0x00002c58       0x40 ./utilities/fsl_debug_console.o
 .text.UART_EnableRx
                0x00002c98       0x40 ./utilities/fsl_debug_console.o
 .text.LPSCI_EnableTx
                0x00002cd8       0x40 ./utilities/fsl_debug_console.o
 .text.LPSCI_EnableRx
                0x00002d18       0x40 ./utilities/fsl_debug_console.o
 .text.DbgConsole_PrintfPaddingCharacter
                0x00002d58       0x46 ./utilities/fsl_debug_console.o
 .text.DbgConsole_ConvertRadixNumToString
                0x00002d9e      0x114 ./utilities/fsl_debug_console.o
 .text.DbgConsole_PrintfFormattedData
                0x00002eb2      0x32c ./utilities/fsl_debug_console.o
 .text.OSC_SetExtRefClkConfig
                0x000031de       0x3e ./drivers/fsl_clock.o
 .text.OSC_SetCapLoad
                0x0000321c       0x42 ./drivers/fsl_clock.o
 .text.CLOCK_GetPll0RefFreq
                0x0000325e       0x10 ./drivers/fsl_clock.o
 .text.CLOCK_SetExternalRefClkConfig
                0x0000326e       0x16 ./drivers/fsl_clock.o
                0x0000326e                CLOCK_SetExternalRefClkConfig
 .text.LPSCI_GetStatusFlags
                0x00003284       0x26 ./drivers/fsl_lpsci.o
                0x00003284                LPSCI_GetStatusFlags
 .text.UART_GetStatusFlags
                0x000032aa       0x26 ./drivers/fsl_uart.o
                0x000032aa                UART_GetStatusFlags
 .text.UART_WriteBlocking
                0x000032d0       0x3a ./drivers/fsl_uart.o
                0x000032d0                UART_WriteBlocking
 .text.BOARD_InitBootClocks
                0x0000330a        0xe ./board/clock_config.o
                0x0000330a                BOARD_InitBootClocks
 .text.BOARD_InitBootPeripherals
                0x00003318        0xa ./board/peripherals.o
                0x00003318                BOARD_InitBootPeripherals
 .text.BOARD_InitBootPins
                0x00003322        0xe ./board/pin_mux.o
                0x00003322                BOARD_InitBootPins
 .text.__main   0x00003330        0xc c:/nxp/mcuxpressoide_10.3.1_2233/ide/plugins/com.nxp.mcuxpresso.tools.win32_10.3.0.201811011841/tools/bin/../lib/gcc/arm-none-eabi/7.3.1/../../../../arm-none-eabi/lib/thumb/v6-m\libcr_nohost_nf.a(_cr__main.o)
                0x00003330                __main
 .text.memset   0x0000333c        0x8 c:/nxp/mcuxpressoide_10.3.1_2233/ide/plugins/com.nxp.mcuxpresso.tools.win32_10.3.0.201811011841/tools/bin/../lib/gcc/arm-none-eabi/7.3.1/../../../../arm-none-eabi/lib/thumb/v6-m\libcr_c.a(memset.o)
                0x0000333c                memset
 .text.remove   0x00003344       0x12 c:/nxp/mcuxpressoide_10.3.1_2233/ide/plugins/com.nxp.mcuxpresso.tools.win32_10.3.0.201811011841/tools/bin/../lib/gcc/arm-none-eabi/7.3.1/../../../../arm-none-eabi/lib/thumb/v6-m\libcr_c.a(remove.o)
                0x00003344                remove
 .text.free     0x00003356       0x2c c:/nxp/mcuxpressoide_10.3.1_2233/ide/plugins/com.nxp.mcuxpresso.tools.win32_10.3.0.201811011841/tools/bin/../lib/gcc/arm-none-eabi/7.3.1/../../../../arm-none-eabi/lib/thumb/v6-m\libcr_c.a(alloc.o)
                0x00003356                free
 .text.__aeabi_division_idivmod
                0x00003382       0x78 c:/nxp/mcuxpressoide_10.3.1_2233/ide/plugins/com.nxp.mcuxpresso.tools.win32_10.3.0.201811011841/tools/bin/../lib/gcc/arm-none-eabi/7.3.1/thumb/v6-m\libcr_eabihelpers.a(division_32.o)
                0x00003382                __aeabi_idivmod
                0x00003382                __aeabi_idiv
                0x00003388                __aeabi_uidivmod
                0x00003388                __aeabi_uidiv
 .text.__aeabi_division_idiv0
                0x000033fa        0x2 c:/nxp/mcuxpressoide_10.3.1_2233/ide/plugins/com.nxp.mcuxpresso.tools.win32_10.3.0.201811011841/tools/bin/../lib/gcc/arm-none-eabi/7.3.1/thumb/v6-m\libcr_eabihelpers.a(division_idiv0.o)
                0x000033fa                __aeabi_idiv0
 .text.__aeabi_f2uiz
                0x000033fc       0x2a c:/nxp/mcuxpressoide_10.3.1_2233/ide/plugins/com.nxp.mcuxpresso.tools.win32_10.3.0.201811011841/tools/bin/../lib/gcc/arm-none-eabi/7.3.1/thumb/v6-m\libcr_eabihelpers.a(float.o)
                0x000033fc                __aeabi_f2uiz
 .text.__bhs_ui2f
                0x00003426       0x62 c:/nxp/mcuxpressoide_10.3.1_2233/ide/plugins/com.nxp.mcuxpresso.tools.win32_10.3.0.201811011841/tools/bin/../lib/gcc/arm-none-eabi/7.3.1/thumb/v6-m\libcr_eabihelpers.a(float.o)
                0x00003426                __bhs_ui2f
 .text.__aeabi_ui2f
                0x00003488        0xc c:/nxp/mcuxpressoide_10.3.1_2233/ide/plugins/com.nxp.mcuxpresso.tools.win32_10.3.0.201811011841/tools/bin/../lib/gcc/arm-none-eabi/7.3.1/thumb/v6-m\libcr_eabihelpers.a(float.o)
                0x00003488                __aeabi_ui2f
 .text.__aeabi_fcmpeq
                0x00003494       0x20 c:/nxp/mcuxpressoide_10.3.1_2233/ide/plugins/com.nxp.mcuxpresso.tools.win32_10.3.0.201811011841/tools/bin/../lib/gcc/arm-none-eabi/7.3.1/thumb/v6-m\libcr_eabihelpers.a(float.o)
                0x00003494                __aeabi_fcmpeq
 .text.__aeabi_fcmple
                0x000034b4       0x40 c:/nxp/mcuxpressoide_10.3.1_2233/ide/plugins/com.nxp.mcuxpresso.tools.win32_10.3.0.201811011841/tools/bin/../lib/gcc/arm-none-eabi/7.3.1/thumb/v6-m\libcr_eabihelpers.a(float.o)
                0x000034b4                __aeabi_fcmple
 .text.__aeabi_llong_lmul
                0x000034f4       0x2e c:/nxp/mcuxpressoide_10.3.1_2233/ide/plugins/com.nxp.mcuxpresso.tools.win32_10.3.0.201811011841/tools/bin/../lib/gcc/arm-none-eabi/7.3.1/thumb/v6-m\libcr_eabihelpers.a(llong.o)
                0x000034f4                __aeabi_lmul
 .text.__aeabi_memset_lowlevel
                0x00003522       0x2a c:/nxp/mcuxpressoide_10.3.1_2233/ide/plugins/com.nxp.mcuxpresso.tools.win32_10.3.0.201811011841/tools/bin/../lib/gcc/arm-none-eabi/7.3.1/thumb/v6-m\libcr_eabihelpers.a(memcpy.o)
                0x00003522                __aeabi_lowlevel_memset
 .text.__sys_close
                0x0000354c        0x6 c:/nxp/mcuxpressoide_10.3.1_2233/ide/plugins/com.nxp.mcuxpresso.tools.win32_10.3.0.201811011841/tools/bin/../lib/gcc/arm-none-eabi/7.3.1/../../../../arm-none-eabi/lib/thumb/v6-m\libcr_nohost_nf.a(__sys_close.o)
                0x0000354c                __sys_close
 .text.__sys_flen
                0x00003552        0x6 c:/nxp/mcuxpressoide_10.3.1_2233/ide/plugins/com.nxp.mcuxpresso.tools.win32_10.3.0.201811011841/tools/bin/../lib/gcc/arm-none-eabi/7.3.1/../../../../arm-none-eabi/lib/thumb/v6-m\libcr_nohost_nf.a(__sys_flen.o)
                0x00003552                __sys_flen
 .text.__sys_istty
                0x00003558        0x6 c:/nxp/mcuxpressoide_10.3.1_2233/ide/plugins/com.nxp.mcuxpresso.tools.win32_10.3.0.201811011841/tools/bin/../lib/gcc/arm-none-eabi/7.3.1/../../../../arm-none-eabi/lib/thumb/v6-m\libcr_nohost_nf.a(__sys_istty.o)
                0x00003558                __sys_istty
 .text.__sys_remove
                0x0000355e        0x6 c:/nxp/mcuxpressoide_10.3.1_2233/ide/plugins/com.nxp.mcuxpresso.tools.win32_10.3.0.201811011841/tools/bin/../lib/gcc/arm-none-eabi/7.3.1/../../../../arm-none-eabi/lib/thumb/v6-m\libcr_nohost_nf.a(__sys_remove.o)
                0x0000355e                __sys_remove
 .text.__sys_seek
                0x00003564        0x6 c:/nxp/mcuxpressoide_10.3.1_2233/ide/plugins/com.nxp.mcuxpresso.tools.win32_10.3.0.201811011841/tools/bin/../lib/gcc/arm-none-eabi/7.3.1/../../../../arm-none-eabi/lib/thumb/v6-m\libcr_nohost_nf.a(__sys_seek.o)
                0x00003564                __sys_seek
 .text.__sys_tmpnam
                0x0000356a        0x6 c:/nxp/mcuxpressoide_10.3.1_2233/ide/plugins/com.nxp.mcuxpresso.tools.win32_10.3.0.201811011841/tools/bin/../lib/gcc/arm-none-eabi/7.3.1/../../../../arm-none-eabi/lib/thumb/v6-m\libcr_nohost_nf.a(__sys_tmpnam.o)
                0x0000356a                __sys_tmpnam
 .text.__sys_write
                0x00003570        0x4 c:/nxp/mcuxpressoide_10.3.1_2233/ide/plugins/com.nxp.mcuxpresso.tools.win32_10.3.0.201811011841/tools/bin/../lib/gcc/arm-none-eabi/7.3.1/../../../../arm-none-eabi/lib/thumb/v6-m\libcr_nohost_nf.a(__sys_write.o)
                0x00003570                __sys_write
 *(SORT_BY_ALIGNMENT(.rodata) SORT_BY_ALIGNMENT(.rodata.*) SORT_BY_ALIGNMENT(.constdata) SORT_BY_ALIGNMENT(.constdata.*))
 .rodata        0x00003574       0x18 ./source/buffahiti_4.o
 .rodata        0x0000358c      0x210 ./source/fsm.o
 .rodata        0x0000379c      0x11d ./drivers/fsl_clock.o
 *fill*         0x000038b9        0x3 ff
 .rodata.fllFactorTable.5188
                0x000038bc       0x10 ./drivers/fsl_clock.o
 .rodata        0x000038cc        0x4 ./drivers/fsl_common.o
 .rodata        0x000038d0      0x48c ./drivers/fsl_lpsci.o
 .rodata.s_uartBases
                0x00003d5c        0xc ./drivers/fsl_uart.o
 .rodata.s_uartClock
                0x00003d68        0xc ./drivers/fsl_uart.o
 .rodata        0x00003d74      0x45b ./drivers/fsl_uart.o
 *fill*         0x000041cf        0x1 ff
 .rodata.mcgConfig_BOARD_BootClockRUN
                0x000041d0        0xa ./board/clock_config.o
                0x000041d0                mcgConfig_BOARD_BootClockRUN
 *fill*         0x000041da        0x2 ff
 .rodata.simConfig_BOARD_BootClockRUN
                0x000041dc        0x8 ./board/clock_config.o
                0x000041dc                simConfig_BOARD_BootClockRUN
 .rodata.oscConfig_BOARD_BootClockRUN
                0x000041e4        0x8 ./board/clock_config.o
                0x000041e4                oscConfig_BOARD_BootClockRUN
 .rodata.__num_Ciob_streams
                0x000041ec        0x4 c:/nxp/mcuxpressoide_10.3.1_2233/ide/plugins/com.nxp.mcuxpresso.tools.win32_10.3.0.201811011841/tools/bin/../lib/gcc/arm-none-eabi/7.3.1/../../../../arm-none-eabi/lib/thumb/v6-m\libcr_nohost_nf.a(__ciob.o)
                0x000041ec                __num_Ciob_streams
 .rodata._initio.str1.1
                0x000041f0        0x4 c:/nxp/mcuxpressoide_10.3.1_2233/ide/plugins/com.nxp.mcuxpresso.tools.win32_10.3.0.201811011841/tools/bin/../lib/gcc/arm-none-eabi/7.3.1/../../../../arm-none-eabi/lib/thumb/v6-m\libcr_c.a(initio.o)
                0x000041f4                . = ALIGN (0x4)

.glue_7         0x000041f4        0x0
 .glue_7        0x000041f4        0x0 linker stubs

.glue_7t        0x000041f4        0x0
 .glue_7t       0x000041f4        0x0 linker stubs

.vfp11_veneer   0x000041f4        0x0
 .vfp11_veneer  0x000041f4        0x0 linker stubs

.v4_bx          0x000041f4        0x0
 .v4_bx         0x000041f4        0x0 linker stubs

.iplt           0x000041f4        0x0
 .iplt          0x000041f4        0x0 ./utilities/fsl_debug_console.o

.rel.dyn        0x000041f4        0x0
 .rel.iplt      0x000041f4        0x0 ./utilities/fsl_debug_console.o

.ARM.extab
 *(SORT_BY_ALIGNMENT(.ARM.extab*) SORT_BY_ALIGNMENT(.gnu.linkonce.armextab.*))
                0x000041f4                __exidx_start = .

.ARM.exidx
 *(SORT_BY_ALIGNMENT(.ARM.exidx*) SORT_BY_ALIGNMENT(.gnu.linkonce.armexidx.*))
                0x000041f4                __exidx_end = .
                0x000041f4                _etext = .

.m_usb_data
 *(SORT_BY_ALIGNMENT(m_usb_bdt))

.mtb_buffer_default
                0x1ffff000       0x80
 *(SORT_BY_ALIGNMENT(.mtb*))
 .mtb.$RAM1     0x1ffff000       0x80 ./source/mtb.o
                0x1ffff000                __mtb_buffer__

.uninit_RESERVED
                0x1ffff080        0x0
 *(SORT_BY_ALIGNMENT(.bss.$RESERVED*))
                0x1ffff080                . = ALIGN (0x4)
                0x1ffff080                _end_uninit_RESERVED = .

.data           0x1ffff080        0x8 load address 0x000041f4
 FILL mask 0xff
                0x1ffff080                _data = .
 *(SORT_BY_ALIGNMENT(vtable))
 *(SORT_BY_ALIGNMENT(.ramfunc*))
 *(SORT_BY_ALIGNMENT(.data*))
 .data.s_slowIrcFreq
                0x1ffff080        0x4 ./drivers/fsl_clock.o
 .data.SystemCoreClock
                0x1ffff084        0x4 ./CMSIS/system_MKL25Z4.o
                0x1ffff084                SystemCoreClock
                0x1ffff088                . = ALIGN (0x4)
                0x1ffff088                _edata = .

.igot.plt       0x1ffff088        0x0 load address 0x000041fc
 .igot.plt      0x1ffff088        0x0 ./utilities/fsl_debug_console.o

.bss            0x1ffff088      0x114 load address 0x000041fc
                0x1ffff088                _bss = .
 *(SORT_BY_ALIGNMENT(.bss*))
 .bss.s_debugConsole
                0x1ffff088       0x10 ./utilities/fsl_debug_console.o
 .bss.portionR  0x1ffff098        0x4 ./source/fsm.o
                0x1ffff098                portionR
 .bss.portionG  0x1ffff09c        0x4 ./source/fsm.o
                0x1ffff09c                portionG
 .bss.portionB  0x1ffff0a0        0x4 ./source/fsm.o
                0x1ffff0a0                portionB
 .bss.cross_loop
                0x1ffff0a4        0x4 ./source/fsm.o
                0x1ffff0a4                cross_loop
 .bss.phase     0x1ffff0a8        0x4 ./source/fsm.o
                0x1ffff0a8                phase
 .bss.trans     0x1ffff0ac        0x4 ./source/fsm.o
                0x1ffff0ac                trans
 .bss.time      0x1ffff0b0        0x4 ./source/fsm.o
                0x1ffff0b0                time
 .bss.total_time
                0x1ffff0b4        0x4 ./source/fsm.o
                0x1ffff0b4                total_time
 .bss.get_time  0x1ffff0b8        0x4 ./source/fsm.o
                0x1ffff0b8                get_time
 .bss.poll_time
                0x1ffff0bc        0x4 ./source/fsm.o
                0x1ffff0bc                poll_time
 .bss.signal    0x1ffff0c0        0x1 ./source/fsm.o
 *fill*         0x1ffff0c1        0x3 
 .bss.touch_value
                0x1ffff0c4        0x4 ./source/pwm_touch.o
                0x1ffff0c4                touch_value
 .bss.g_xtal0Freq
                0x1ffff0c8        0x4 ./drivers/fsl_clock.o
                0x1ffff0c8                g_xtal0Freq
 .bss.s_lpsciHandle
                0x1ffff0cc        0x4 ./drivers/fsl_lpsci.o
 .bss.s_lpsciIsr
                0x1ffff0d0        0x4 ./drivers/fsl_lpsci.o
 .bss.s_uartHandle
                0x1ffff0d4        0xc ./drivers/fsl_uart.o
 .bss.s_uartIsr
                0x1ffff0e0        0x4 ./drivers/fsl_uart.o
 .bss.errno     0x1ffff0e4        0x4 c:/nxp/mcuxpressoide_10.3.1_2233/ide/plugins/com.nxp.mcuxpresso.tools.win32_10.3.0.201811011841/tools/bin/../lib/gcc/arm-none-eabi/7.3.1/../../../../arm-none-eabi/lib/thumb/v6-m\libcr_c.a(errno.o)
                0x1ffff0e4                errno
 .bss.__Ciob    0x1ffff0e8       0xb4 c:/nxp/mcuxpressoide_10.3.1_2233/ide/plugins/com.nxp.mcuxpresso.tools.win32_10.3.0.201811011841/tools/bin/../lib/gcc/arm-none-eabi/7.3.1/../../../../arm-none-eabi/lib/thumb/v6-m\libcr_nohost_nf.a(__ciob.o)
                0x1ffff0e8                __Ciob
 *(SORT_BY_ALIGNMENT(COMMON))
                0x1ffff19c                . = ALIGN (0x4)
                0x1ffff19c                _ebss = .
                [!provide]                PROVIDE (end = .)

.noinit         0x1ffff19c        0x0 load address 0x000041fc
                0x1ffff19c                _noinit = .
 *(SORT_BY_ALIGNMENT(.noinit*))
                0x1ffff19c                . = ALIGN (0x4)
                0x1ffff19c                _end_noinit = .
                0x00000400                _HeapSize = 0x400

.heap           0x1ffff19c      0x400 load address 0x000041fc
                0x1ffff19c                _pvHeapStart = .
                0x1ffff59c                . = (. + _HeapSize)
 *fill*         0x1ffff19c      0x400 
                0x1ffff59c                . = ALIGN (0x4)
                0x1ffff59c                _pvHeapLimit = .
                0x00000400                _StackSize = 0x400

.heap2stackfill
                0x1ffff59c      0x400 load address 0x000041fc
                0x1ffff99c                . = (. + _StackSize)
 *fill*         0x1ffff59c      0x400 

.stack          0x20002c00        0x0
                0x20002c00                _vStackBase = .
                0x20002c00                . = ALIGN (0x4)
                0x20003000                _vStackTop = (. + _StackSize)
                0x00000000                _image_start = LOADADDR (.text)
                0x000041fc                _image_end = (LOADADDR (.data) + SIZEOF (.data))
                0x000041fc                _image_size = (_image_end - _image_start)
OUTPUT(buffahiti_4.axf elf32-littlearm)

.debug_info     0x00000000     0x8b1f
 .debug_info    0x00000000      0xde1 ./utilities/fsl_debug_console.o
 .debug_info    0x00000de1      0x49b ./startup/startup_mkl25z4.o
 .debug_info    0x0000127c      0x3ce ./source/buffahiti_4.o
 .debug_info    0x0000164a      0xb71 ./source/fsm.o
 .debug_info    0x000021bb       0x52 ./source/mtb.o
 .debug_info    0x0000220d      0x9dd ./source/pwm_touch.o
 .debug_info    0x00002bea       0x3b ./source/semihost_hardfault.o
 .debug_info    0x00002c25     0x1962 ./drivers/fsl_clock.o
 .debug_info    0x00004587      0x422 ./drivers/fsl_common.o
 .debug_info    0x000049a9     0x138c ./drivers/fsl_lpsci.o
 .debug_info    0x00005d35     0x1336 ./drivers/fsl_uart.o
 .debug_info    0x0000706b      0x696 ./board/board.o
 .debug_info    0x00007701      0xa7b ./board/clock_config.o
 .debug_info    0x0000817c       0x3b ./board/peripherals.o
 .debug_info    0x000081b7      0x56a ./board/pin_mux.o
 .debug_info    0x00008721      0x3fe ./CMSIS/system_MKL25Z4.o

.debug_abbrev   0x00000000     0x1abe
 .debug_abbrev  0x00000000      0x294 ./utilities/fsl_debug_console.o
 .debug_abbrev  0x00000294      0x16d ./startup/startup_mkl25z4.o
 .debug_abbrev  0x00000401       0xef ./source/buffahiti_4.o
 .debug_abbrev  0x000004f0      0x25b ./source/fsm.o
 .debug_abbrev  0x0000074b       0x44 ./source/mtb.o
 .debug_abbrev  0x0000078f      0x17c ./source/pwm_touch.o
 .debug_abbrev  0x0000090b       0x2f ./source/semihost_hardfault.o
 .debug_abbrev  0x0000093a      0x329 ./drivers/fsl_clock.o
 .debug_abbrev  0x00000c63      0x24a ./drivers/fsl_common.o
 .debug_abbrev  0x00000ead      0x2cd ./drivers/fsl_lpsci.o
 .debug_abbrev  0x0000117a      0x2e5 ./drivers/fsl_uart.o
 .debug_abbrev  0x0000145f      0x167 ./board/board.o
 .debug_abbrev  0x000015c6      0x1f4 ./board/clock_config.o
 .debug_abbrev  0x000017ba       0x2f ./board/peripherals.o
 .debug_abbrev  0x000017e9      0x199 ./board/pin_mux.o
 .debug_abbrev  0x00001982      0x13c ./CMSIS/system_MKL25Z4.o

.debug_aranges  0x00000000      0x828
 .debug_aranges
                0x00000000       0x90 ./utilities/fsl_debug_console.o
 .debug_aranges
                0x00000090      0x160 ./startup/startup_mkl25z4.o
 .debug_aranges
                0x000001f0       0x20 ./source/buffahiti_4.o
 .debug_aranges
                0x00000210       0x58 ./source/fsm.o
 .debug_aranges
                0x00000268       0x18 ./source/mtb.o
 .debug_aranges
                0x00000280       0x30 ./source/pwm_touch.o
 .debug_aranges
                0x000002b0       0x20 ./source/semihost_hardfault.o
 .debug_aranges
                0x000002d0      0x1d8 ./drivers/fsl_clock.o
 .debug_aranges
                0x000004a8       0x38 ./drivers/fsl_common.o
 .debug_aranges
                0x000004e0      0x118 ./drivers/fsl_lpsci.o
 .debug_aranges
                0x000005f8      0x130 ./drivers/fsl_uart.o
 .debug_aranges
                0x00000728       0x28 ./board/board.o
 .debug_aranges
                0x00000750       0x58 ./board/clock_config.o
 .debug_aranges
                0x000007a8       0x20 ./board/peripherals.o
 .debug_aranges
                0x000007c8       0x38 ./board/pin_mux.o
 .debug_aranges
                0x00000800       0x28 ./CMSIS/system_MKL25Z4.o

.debug_ranges   0x00000000      0x720
 .debug_ranges  0x00000000       0x80 ./utilities/fsl_debug_console.o
 .debug_ranges  0x00000080      0x150 ./startup/startup_mkl25z4.o
 .debug_ranges  0x000001d0       0x10 ./source/buffahiti_4.o
 .debug_ranges  0x000001e0       0x48 ./source/fsm.o
 .debug_ranges  0x00000228       0x20 ./source/pwm_touch.o
 .debug_ranges  0x00000248       0x10 ./source/semihost_hardfault.o
 .debug_ranges  0x00000258      0x1c8 ./drivers/fsl_clock.o
 .debug_ranges  0x00000420       0x28 ./drivers/fsl_common.o
 .debug_ranges  0x00000448      0x108 ./drivers/fsl_lpsci.o
 .debug_ranges  0x00000550      0x120 ./drivers/fsl_uart.o
 .debug_ranges  0x00000670       0x18 ./board/board.o
 .debug_ranges  0x00000688       0x48 ./board/clock_config.o
 .debug_ranges  0x000006d0       0x10 ./board/peripherals.o
 .debug_ranges  0x000006e0       0x28 ./board/pin_mux.o
 .debug_ranges  0x00000708       0x18 ./CMSIS/system_MKL25Z4.o

.debug_macro    0x00000000     0x8e11
 .debug_macro   0x00000000      0x127 ./utilities/fsl_debug_console.o
 .debug_macro   0x00000127      0xa7e ./utilities/fsl_debug_console.o
 .debug_macro   0x00000ba5       0x10 ./utilities/fsl_debug_console.o
 .debug_macro   0x00000bb5       0x16 ./utilities/fsl_debug_console.o
 .debug_macro   0x00000bcb       0x10 ./utilities/fsl_debug_console.o
 .debug_macro   0x00000bdb      0x12d ./utilities/fsl_debug_console.o
 .debug_macro   0x00000d08       0x28 ./utilities/fsl_debug_console.o
 .debug_macro   0x00000d30       0xc4 ./utilities/fsl_debug_console.o
 .debug_macro   0x00000df4       0x16 ./utilities/fsl_debug_console.o
 .debug_macro   0x00000e0a       0x22 ./utilities/fsl_debug_console.o
 .debug_macro   0x00000e2c      0x5b2 ./utilities/fsl_debug_console.o
 .debug_macro   0x000013de       0x10 ./utilities/fsl_debug_console.o
 .debug_macro   0x000013ee       0x3f ./utilities/fsl_debug_console.o
 .debug_macro   0x0000142d       0x3a ./utilities/fsl_debug_console.o
 .debug_macro   0x00001467       0x26 ./utilities/fsl_debug_console.o
 .debug_macro   0x0000148d      0x329 ./utilities/fsl_debug_console.o
 .debug_macro   0x000017b6       0x30 ./utilities/fsl_debug_console.o
 .debug_macro   0x000017e6     0x51e2 ./utilities/fsl_debug_console.o
 .debug_macro   0x000069c8     0x1352 ./utilities/fsl_debug_console.o
 .debug_macro   0x00007d1a       0x3a ./utilities/fsl_debug_console.o
 .debug_macro   0x00007d54       0xf4 ./utilities/fsl_debug_console.o
 .debug_macro   0x00007e48       0x35 ./utilities/fsl_debug_console.o
 .debug_macro   0x00007e7d       0x2e ./utilities/fsl_debug_console.o
 .debug_macro   0x00007eab       0x10 ./utilities/fsl_debug_console.o
 .debug_macro   0x00007ebb       0x10 ./utilities/fsl_debug_console.o
 .debug_macro   0x00007ecb       0x29 ./startup/startup_mkl25z4.o
 .debug_macro   0x00007ef4      0x147 ./source/buffahiti_4.o
 .debug_macro   0x0000803b       0x1c ./source/buffahiti_4.o
 .debug_macro   0x00008057       0x16 ./source/buffahiti_4.o
 .debug_macro   0x0000806d       0x10 ./source/buffahiti_4.o
 .debug_macro   0x0000807d      0x112 ./source/buffahiti_4.o
 .debug_macro   0x0000818f       0x34 ./source/buffahiti_4.o
 .debug_macro   0x000081c3       0x1c ./source/buffahiti_4.o
 .debug_macro   0x000081df       0x76 ./source/buffahiti_4.o
 .debug_macro   0x00008255       0x10 ./source/buffahiti_4.o
 .debug_macro   0x00008265      0x147 ./source/fsm.o
 .debug_macro   0x000083ac       0x2f ./source/mtb.o
 .debug_macro   0x000083db       0x82 ./source/mtb.o
 .debug_macro   0x0000845d       0x10 ./source/mtb.o
 .debug_macro   0x0000846d      0x135 ./source/pwm_touch.o
 .debug_macro   0x000085a2       0x11 ./source/semihost_hardfault.o
 .debug_macro   0x000085b3      0x196 ./drivers/fsl_clock.o
 .debug_macro   0x00008749       0xef ./drivers/fsl_common.o
 .debug_macro   0x00008838       0xec ./drivers/fsl_lpsci.o
 .debug_macro   0x00008924       0xf2 ./drivers/fsl_uart.o
 .debug_macro   0x00008a16      0x112 ./board/board.o
 .debug_macro   0x00008b28      0x123 ./board/clock_config.o
 .debug_macro   0x00008c4b       0x1b ./board/peripherals.o
 .debug_macro   0x00008c66      0x107 ./board/pin_mux.o
 .debug_macro   0x00008d6d       0x10 ./board/pin_mux.o
 .debug_macro   0x00008d7d       0x94 ./CMSIS/system_MKL25Z4.o

.debug_line     0x00000000     0x3b53
 .debug_line    0x00000000      0x715 ./utilities/fsl_debug_console.o
 .debug_line    0x00000715      0x128 ./startup/startup_mkl25z4.o
 .debug_line    0x0000083d      0x308 ./source/buffahiti_4.o
 .debug_line    0x00000b45      0x457 ./source/fsm.o
 .debug_line    0x00000f9c       0xd1 ./source/mtb.o
 .debug_line    0x0000106d      0x326 ./source/pwm_touch.o
 .debug_line    0x00001393       0x54 ./source/semihost_hardfault.o
 .debug_line    0x000013e7      0x9e5 ./drivers/fsl_clock.o
 .debug_line    0x00001dcc      0x2f9 ./drivers/fsl_common.o
 .debug_line    0x000020c5      0x795 ./drivers/fsl_lpsci.o
 .debug_line    0x0000285a      0x798 ./drivers/fsl_uart.o
 .debug_line    0x00002ff2      0x2c4 ./board/board.o
 .debug_line    0x000032b6      0x325 ./board/clock_config.o
 .debug_line    0x000035db       0x58 ./board/peripherals.o
 .debug_line    0x00003633      0x2c0 ./board/pin_mux.o
 .debug_line    0x000038f3      0x260 ./CMSIS/system_MKL25Z4.o

.debug_str      0x00000000    0x35d8e
 .debug_str     0x00000000    0x313ef ./utilities/fsl_debug_console.o
                              0x316b1 (size before relaxing)
 .debug_str     0x000313ef      0x3dc ./startup/startup_mkl25z4.o
                               0x311d (size before relaxing)
 .debug_str     0x000317cb      0xe79 ./source/buffahiti_4.o
                              0x3138f (size before relaxing)
 .debug_str     0x00032644      0x378 ./source/fsm.o
                              0x31bb9 (size before relaxing)
 .debug_str     0x000329bc      0x532 ./source/mtb.o
                               0x3229 (size before relaxing)
 .debug_str     0x00032eee      0x14a ./source/pwm_touch.o
                              0x3186f (size before relaxing)
 .debug_str     0x00033038       0x1f ./source/semihost_hardfault.o
                               0x2d16 (size before relaxing)
 .debug_str     0x00033057     0x14c6 ./drivers/fsl_clock.o
                              0x32224 (size before relaxing)
 .debug_str     0x0003451d      0x113 ./drivers/fsl_common.o
                              0x3080b (size before relaxing)
 .debug_str     0x00034630      0x97f ./drivers/fsl_lpsci.o
                              0x3182c (size before relaxing)
 .debug_str     0x00034faf      0x832 ./drivers/fsl_uart.o
                              0x3184f (size before relaxing)
 .debug_str     0x000357e1       0x4c ./board/board.o
                              0x31369 (size before relaxing)
 .debug_str     0x0003582d      0x300 ./board/clock_config.o
                              0x31152 (size before relaxing)
 .debug_str     0x00035b2d       0x31 ./board/peripherals.o
                               0x2d27 (size before relaxing)
 .debug_str     0x00035b5e      0x1e1 ./board/pin_mux.o
                              0x308b5 (size before relaxing)
 .debug_str     0x00035d3f       0x4f ./CMSIS/system_MKL25Z4.o
                              0x2fb8e (size before relaxing)

.comment        0x00000000       0x7f
 .comment       0x00000000       0x7f ./utilities/fsl_debug_console.o
                                 0x80 (size before relaxing)
 .comment       0x0000007f       0x80 ./startup/startup_mkl25z4.o
 .comment       0x0000007f       0x80 ./source/buffahiti_4.o
 .comment       0x0000007f       0x80 ./source/fsm.o
 .comment       0x0000007f       0x80 ./source/mtb.o
 .comment       0x0000007f       0x80 ./source/pwm_touch.o
 .comment       0x0000007f       0x80 ./source/semihost_hardfault.o
 .comment       0x0000007f       0x80 ./drivers/fsl_clock.o
 .comment       0x0000007f       0x80 ./drivers/fsl_common.o
 .comment       0x0000007f       0x80 ./drivers/fsl_lpsci.o
 .comment       0x0000007f       0x80 ./drivers/fsl_uart.o
 .comment       0x0000007f       0x80 ./board/board.o
 .comment       0x0000007f       0x80 ./board/clock_config.o
 .comment       0x0000007f       0x80 ./board/peripherals.o
 .comment       0x0000007f       0x80 ./board/pin_mux.o
 .comment       0x0000007f       0x80 ./CMSIS/system_MKL25Z4.o
 .comment       0x0000007f       0x80 c:/nxp/mcuxpressoide_10.3.1_2233/ide/plugins/com.nxp.mcuxpresso.tools.win32_10.3.0.201811011841/tools/bin/../lib/gcc/arm-none-eabi/7.3.1/../../../../arm-none-eabi/lib/thumb/v6-m\libcr_nohost_nf.a(_cr__main.o)
 .comment       0x0000007f       0x80 c:/nxp/mcuxpressoide_10.3.1_2233/ide/plugins/com.nxp.mcuxpresso.tools.win32_10.3.0.201811011841/tools/bin/../lib/gcc/arm-none-eabi/7.3.1/../../../../arm-none-eabi/lib/thumb/v6-m\libcr_c.a(memset.o)
 .comment       0x0000007f       0x80 c:/nxp/mcuxpressoide_10.3.1_2233/ide/plugins/com.nxp.mcuxpresso.tools.win32_10.3.0.201811011841/tools/bin/../lib/gcc/arm-none-eabi/7.3.1/../../../../arm-none-eabi/lib/thumb/v6-m\libcr_c.a(initio.o)
 .comment       0x0000007f       0x80 c:/nxp/mcuxpressoide_10.3.1_2233/ide/plugins/com.nxp.mcuxpresso.tools.win32_10.3.0.201811011841/tools/bin/../lib/gcc/arm-none-eabi/7.3.1/../../../../arm-none-eabi/lib/thumb/v6-m\libcr_c.a(setvbuf.o)
 .comment       0x0000007f       0x80 c:/nxp/mcuxpressoide_10.3.1_2233/ide/plugins/com.nxp.mcuxpresso.tools.win32_10.3.0.201811011841/tools/bin/../lib/gcc/arm-none-eabi/7.3.1/../../../../arm-none-eabi/lib/thumb/v6-m\libcr_c.a(strlen.o)
 .comment       0x0000007f       0x80 c:/nxp/mcuxpressoide_10.3.1_2233/ide/plugins/com.nxp.mcuxpresso.tools.win32_10.3.0.201811011841/tools/bin/../lib/gcc/arm-none-eabi/7.3.1/../../../../arm-none-eabi/lib/thumb/v6-m\libcr_c.a(_fdopen.o)
 .comment       0x0000007f       0x80 c:/nxp/mcuxpressoide_10.3.1_2233/ide/plugins/com.nxp.mcuxpresso.tools.win32_10.3.0.201811011841/tools/bin/../lib/gcc/arm-none-eabi/7.3.1/../../../../arm-none-eabi/lib/thumb/v6-m\libcr_c.a(fclose.o)
 .comment       0x0000007f       0x80 c:/nxp/mcuxpressoide_10.3.1_2233/ide/plugins/com.nxp.mcuxpresso.tools.win32_10.3.0.201811011841/tools/bin/../lib/gcc/arm-none-eabi/7.3.1/../../../../arm-none-eabi/lib/thumb/v6-m\libcr_c.a(fflush.o)
 .comment       0x0000007f       0x80 c:/nxp/mcuxpressoide_10.3.1_2233/ide/plugins/com.nxp.mcuxpresso.tools.win32_10.3.0.201811011841/tools/bin/../lib/gcc/arm-none-eabi/7.3.1/../../../../arm-none-eabi/lib/thumb/v6-m\libcr_c.a(fseek.o)
 .comment       0x0000007f       0x80 c:/nxp/mcuxpressoide_10.3.1_2233/ide/plugins/com.nxp.mcuxpresso.tools.win32_10.3.0.201811011841/tools/bin/../lib/gcc/arm-none-eabi/7.3.1/../../../../arm-none-eabi/lib/thumb/v6-m\libcr_c.a(ftell.o)
 .comment       0x0000007f       0x80 c:/nxp/mcuxpressoide_10.3.1_2233/ide/plugins/com.nxp.mcuxpresso.tools.win32_10.3.0.201811011841/tools/bin/../lib/gcc/arm-none-eabi/7.3.1/../../../../arm-none-eabi/lib/thumb/v6-m\libcr_c.a(remove.o)
 .comment       0x0000007f       0x80 c:/nxp/mcuxpressoide_10.3.1_2233/ide/plugins/com.nxp.mcuxpresso.tools.win32_10.3.0.201811011841/tools/bin/../lib/gcc/arm-none-eabi/7.3.1/../../../../arm-none-eabi/lib/thumb/v6-m\libcr_c.a(_do_fflush.o)
 .comment       0x0000007f       0x80 c:/nxp/mcuxpressoide_10.3.1_2233/ide/plugins/com.nxp.mcuxpresso.tools.win32_10.3.0.201811011841/tools/bin/../lib/gcc/arm-none-eabi/7.3.1/../../../../arm-none-eabi/lib/thumb/v6-m\libcr_c.a(_fflush.o)
 .comment       0x0000007f       0x80 c:/nxp/mcuxpressoide_10.3.1_2233/ide/plugins/com.nxp.mcuxpresso.tools.win32_10.3.0.201811011841/tools/bin/../lib/gcc/arm-none-eabi/7.3.1/../../../../arm-none-eabi/lib/thumb/v6-m\libcr_c.a(_writebuf.o)
 .comment       0x0000007f       0x80 c:/nxp/mcuxpressoide_10.3.1_2233/ide/plugins/com.nxp.mcuxpresso.tools.win32_10.3.0.201811011841/tools/bin/../lib/gcc/arm-none-eabi/7.3.1/../../../../arm-none-eabi/lib/thumb/v6-m\libcr_c.a(alloc.o)
 .comment       0x0000007f       0x80 c:/nxp/mcuxpressoide_10.3.1_2233/ide/plugins/com.nxp.mcuxpresso.tools.win32_10.3.0.201811011841/tools/bin/../lib/gcc/arm-none-eabi/7.3.1/../../../../arm-none-eabi/lib/thumb/v6-m\libcr_c.a(errno.o)
 .comment       0x0000007f       0x80 c:/nxp/mcuxpressoide_10.3.1_2233/ide/plugins/com.nxp.mcuxpresso.tools.win32_10.3.0.201811011841/tools/bin/../lib/gcc/arm-none-eabi/7.3.1/../../../../arm-none-eabi/lib/thumb/v6-m\libcr_c.a(_deferredlazyseek.o)
 .comment       0x0000007f       0x80 c:/nxp/mcuxpressoide_10.3.1_2233/ide/plugins/com.nxp.mcuxpresso.tools.win32_10.3.0.201811011841/tools/bin/../lib/gcc/arm-none-eabi/7.3.1/thumb/v6-m\libcr_eabihelpers.a(double.o)
 .comment       0x0000007f       0x80 c:/nxp/mcuxpressoide_10.3.1_2233/ide/plugins/com.nxp.mcuxpresso.tools.win32_10.3.0.201811011841/tools/bin/../lib/gcc/arm-none-eabi/7.3.1/thumb/v6-m\libcr_eabihelpers.a(float.o)
 .comment       0x0000007f       0x80 c:/nxp/mcuxpressoide_10.3.1_2233/ide/plugins/com.nxp.mcuxpresso.tools.win32_10.3.0.201811011841/tools/bin/../lib/gcc/arm-none-eabi/7.3.1/../../../../arm-none-eabi/lib/thumb/v6-m\libcr_nohost_nf.a(__ciob.o)
 .comment       0x0000007f       0x80 c:/nxp/mcuxpressoide_10.3.1_2233/ide/plugins/com.nxp.mcuxpresso.tools.win32_10.3.0.201811011841/tools/bin/../lib/gcc/arm-none-eabi/7.3.1/../../../../arm-none-eabi/lib/thumb/v6-m\libcr_nohost_nf.a(__sys_close.o)
 .comment       0x0000007f       0x80 c:/nxp/mcuxpressoide_10.3.1_2233/ide/plugins/com.nxp.mcuxpresso.tools.win32_10.3.0.201811011841/tools/bin/../lib/gcc/arm-none-eabi/7.3.1/../../../../arm-none-eabi/lib/thumb/v6-m\libcr_nohost_nf.a(__sys_flen.o)
 .comment       0x0000007f       0x80 c:/nxp/mcuxpressoide_10.3.1_2233/ide/plugins/com.nxp.mcuxpresso.tools.win32_10.3.0.201811011841/tools/bin/../lib/gcc/arm-none-eabi/7.3.1/../../../../arm-none-eabi/lib/thumb/v6-m\libcr_nohost_nf.a(__sys_istty.o)
 .comment       0x0000007f       0x80 c:/nxp/mcuxpressoide_10.3.1_2233/ide/plugins/com.nxp.mcuxpresso.tools.win32_10.3.0.201811011841/tools/bin/../lib/gcc/arm-none-eabi/7.3.1/../../../../arm-none-eabi/lib/thumb/v6-m\libcr_nohost_nf.a(__sys_remove.o)
 .comment       0x0000007f       0x80 c:/nxp/mcuxpressoide_10.3.1_2233/ide/plugins/com.nxp.mcuxpresso.tools.win32_10.3.0.201811011841/tools/bin/../lib/gcc/arm-none-eabi/7.3.1/../../../../arm-none-eabi/lib/thumb/v6-m\libcr_nohost_nf.a(__sys_seek.o)
 .comment       0x0000007f       0x80 c:/nxp/mcuxpressoide_10.3.1_2233/ide/plugins/com.nxp.mcuxpresso.tools.win32_10.3.0.201811011841/tools/bin/../lib/gcc/arm-none-eabi/7.3.1/../../../../arm-none-eabi/lib/thumb/v6-m\libcr_nohost_nf.a(__sys_tmpnam.o)
 .comment       0x0000007f       0x80 c:/nxp/mcuxpressoide_10.3.1_2233/ide/plugins/com.nxp.mcuxpresso.tools.win32_10.3.0.201811011841/tools/bin/../lib/gcc/arm-none-eabi/7.3.1/../../../../arm-none-eabi/lib/thumb/v6-m\libcr_nohost_nf.a(__sys_write.o)

.ARM.attributes
                0x00000000       0x30
 .ARM.attributes
                0x00000000       0x32 ./utilities/fsl_debug_console.o
 .ARM.attributes
                0x00000032       0x32 ./startup/startup_mkl25z4.o
 .ARM.attributes
                0x00000064       0x32 ./source/buffahiti_4.o
 .ARM.attributes
                0x00000096       0x32 ./source/fsm.o
 .ARM.attributes
                0x000000c8       0x32 ./source/mtb.o
 .ARM.attributes
                0x000000fa       0x32 ./source/pwm_touch.o
 .ARM.attributes
                0x0000012c       0x32 ./source/semihost_hardfault.o
 .ARM.attributes
                0x0000015e       0x32 ./drivers/fsl_clock.o
 .ARM.attributes
                0x00000190       0x32 ./drivers/fsl_common.o
 .ARM.attributes
                0x000001c2       0x32 ./drivers/fsl_lpsci.o
 .ARM.attributes
                0x000001f4       0x32 ./drivers/fsl_uart.o
 .ARM.attributes
                0x00000226       0x32 ./board/board.o
 .ARM.attributes
                0x00000258       0x32 ./board/clock_config.o
 .ARM.attributes
                0x0000028a       0x32 ./board/peripherals.o
 .ARM.attributes
                0x000002bc       0x32 ./board/pin_mux.o
 .ARM.attributes
                0x000002ee       0x32 ./CMSIS/system_MKL25Z4.o
 .ARM.attributes
                0x00000320       0x31 c:/nxp/mcuxpressoide_10.3.1_2233/ide/plugins/com.nxp.mcuxpresso.tools.win32_10.3.0.201811011841/tools/bin/../lib/gcc/arm-none-eabi/7.3.1/../../../../arm-none-eabi/lib/thumb/v6-m\libcr_nohost_nf.a(_cr__main.o)
 .ARM.attributes
                0x00000351       0x31 c:/nxp/mcuxpressoide_10.3.1_2233/ide/plugins/com.nxp.mcuxpresso.tools.win32_10.3.0.201811011841/tools/bin/../lib/gcc/arm-none-eabi/7.3.1/../../../../arm-none-eabi/lib/thumb/v6-m\libcr_c.a(memset.o)
 .ARM.attributes
                0x00000382       0x31 c:/nxp/mcuxpressoide_10.3.1_2233/ide/plugins/com.nxp.mcuxpresso.tools.win32_10.3.0.201811011841/tools/bin/../lib/gcc/arm-none-eabi/7.3.1/../../../../arm-none-eabi/lib/thumb/v6-m\libcr_c.a(initio.o)
 .ARM.attributes
                0x000003b3       0x31 c:/nxp/mcuxpressoide_10.3.1_2233/ide/plugins/com.nxp.mcuxpresso.tools.win32_10.3.0.201811011841/tools/bin/../lib/gcc/arm-none-eabi/7.3.1/../../../../arm-none-eabi/lib/thumb/v6-m\libcr_c.a(setvbuf.o)
 .ARM.attributes
                0x000003e4       0x31 c:/nxp/mcuxpressoide_10.3.1_2233/ide/plugins/com.nxp.mcuxpresso.tools.win32_10.3.0.201811011841/tools/bin/../lib/gcc/arm-none-eabi/7.3.1/../../../../arm-none-eabi/lib/thumb/v6-m\libcr_c.a(strlen.o)
 .ARM.attributes
                0x00000415       0x31 c:/nxp/mcuxpressoide_10.3.1_2233/ide/plugins/com.nxp.mcuxpresso.tools.win32_10.3.0.201811011841/tools/bin/../lib/gcc/arm-none-eabi/7.3.1/../../../../arm-none-eabi/lib/thumb/v6-m\libcr_c.a(_fdopen.o)
 .ARM.attributes
                0x00000446       0x31 c:/nxp/mcuxpressoide_10.3.1_2233/ide/plugins/com.nxp.mcuxpresso.tools.win32_10.3.0.201811011841/tools/bin/../lib/gcc/arm-none-eabi/7.3.1/../../../../arm-none-eabi/lib/thumb/v6-m\libcr_c.a(fclose.o)
 .ARM.attributes
                0x00000477       0x31 c:/nxp/mcuxpressoide_10.3.1_2233/ide/plugins/com.nxp.mcuxpresso.tools.win32_10.3.0.201811011841/tools/bin/../lib/gcc/arm-none-eabi/7.3.1/../../../../arm-none-eabi/lib/thumb/v6-m\libcr_c.a(fflush.o)
 .ARM.attributes
                0x000004a8       0x31 c:/nxp/mcuxpressoide_10.3.1_2233/ide/plugins/com.nxp.mcuxpresso.tools.win32_10.3.0.201811011841/tools/bin/../lib/gcc/arm-none-eabi/7.3.1/../../../../arm-none-eabi/lib/thumb/v6-m\libcr_c.a(fseek.o)
 .ARM.attributes
                0x000004d9       0x31 c:/nxp/mcuxpressoide_10.3.1_2233/ide/plugins/com.nxp.mcuxpresso.tools.win32_10.3.0.201811011841/tools/bin/../lib/gcc/arm-none-eabi/7.3.1/../../../../arm-none-eabi/lib/thumb/v6-m\libcr_c.a(ftell.o)
 .ARM.attributes
                0x0000050a       0x31 c:/nxp/mcuxpressoide_10.3.1_2233/ide/plugins/com.nxp.mcuxpresso.tools.win32_10.3.0.201811011841/tools/bin/../lib/gcc/arm-none-eabi/7.3.1/../../../../arm-none-eabi/lib/thumb/v6-m\libcr_c.a(remove.o)
 .ARM.attributes
                0x0000053b       0x31 c:/nxp/mcuxpressoide_10.3.1_2233/ide/plugins/com.nxp.mcuxpresso.tools.win32_10.3.0.201811011841/tools/bin/../lib/gcc/arm-none-eabi/7.3.1/../../../../arm-none-eabi/lib/thumb/v6-m\libcr_c.a(_do_fflush.o)
 .ARM.attributes
                0x0000056c       0x31 c:/nxp/mcuxpressoide_10.3.1_2233/ide/plugins/com.nxp.mcuxpresso.tools.win32_10.3.0.201811011841/tools/bin/../lib/gcc/arm-none-eabi/7.3.1/../../../../arm-none-eabi/lib/thumb/v6-m\libcr_c.a(_fflush.o)
 .ARM.attributes
                0x0000059d       0x31 c:/nxp/mcuxpressoide_10.3.1_2233/ide/plugins/com.nxp.mcuxpresso.tools.win32_10.3.0.201811011841/tools/bin/../lib/gcc/arm-none-eabi/7.3.1/../../../../arm-none-eabi/lib/thumb/v6-m\libcr_c.a(_writebuf.o)
 .ARM.attributes
                0x000005ce       0x31 c:/nxp/mcuxpressoide_10.3.1_2233/ide/plugins/com.nxp.mcuxpresso.tools.win32_10.3.0.201811011841/tools/bin/../lib/gcc/arm-none-eabi/7.3.1/../../../../arm-none-eabi/lib/thumb/v6-m\libcr_c.a(alloc.o)
 .ARM.attributes
                0x000005ff       0x31 c:/nxp/mcuxpressoide_10.3.1_2233/ide/plugins/com.nxp.mcuxpresso.tools.win32_10.3.0.201811011841/tools/bin/../lib/gcc/arm-none-eabi/7.3.1/../../../../arm-none-eabi/lib/thumb/v6-m\libcr_c.a(errno.o)
 .ARM.attributes
                0x00000630       0x31 c:/nxp/mcuxpressoide_10.3.1_2233/ide/plugins/com.nxp.mcuxpresso.tools.win32_10.3.0.201811011841/tools/bin/../lib/gcc/arm-none-eabi/7.3.1/../../../../arm-none-eabi/lib/thumb/v6-m\libcr_c.a(_deferredlazyseek.o)
 .ARM.attributes
                0x00000661       0x21 c:/nxp/mcuxpressoide_10.3.1_2233/ide/plugins/com.nxp.mcuxpresso.tools.win32_10.3.0.201811011841/tools/bin/../lib/gcc/arm-none-eabi/7.3.1/thumb/v6-m\libcr_eabihelpers.a(division_32.o)
 .ARM.attributes
                0x00000682       0x21 c:/nxp/mcuxpressoide_10.3.1_2233/ide/plugins/com.nxp.mcuxpresso.tools.win32_10.3.0.201811011841/tools/bin/../lib/gcc/arm-none-eabi/7.3.1/thumb/v6-m\libcr_eabihelpers.a(division_idiv0.o)
 .ARM.attributes
                0x000006a3       0x31 c:/nxp/mcuxpressoide_10.3.1_2233/ide/plugins/com.nxp.mcuxpresso.tools.win32_10.3.0.201811011841/tools/bin/../lib/gcc/arm-none-eabi/7.3.1/thumb/v6-m\libcr_eabihelpers.a(double.o)
 .ARM.attributes
                0x000006d4       0x31 c:/nxp/mcuxpressoide_10.3.1_2233/ide/plugins/com.nxp.mcuxpresso.tools.win32_10.3.0.201811011841/tools/bin/../lib/gcc/arm-none-eabi/7.3.1/thumb/v6-m\libcr_eabihelpers.a(float.o)
 .ARM.attributes
                0x00000705       0x21 c:/nxp/mcuxpressoide_10.3.1_2233/ide/plugins/com.nxp.mcuxpresso.tools.win32_10.3.0.201811011841/tools/bin/../lib/gcc/arm-none-eabi/7.3.1/thumb/v6-m\libcr_eabihelpers.a(llong.o)
 .ARM.attributes
                0x00000726       0x21 c:/nxp/mcuxpressoide_10.3.1_2233/ide/plugins/com.nxp.mcuxpresso.tools.win32_10.3.0.201811011841/tools/bin/../lib/gcc/arm-none-eabi/7.3.1/thumb/v6-m\libcr_eabihelpers.a(memcpy.o)
 .ARM.attributes
                0x00000747       0x31 c:/nxp/mcuxpressoide_10.3.1_2233/ide/plugins/com.nxp.mcuxpresso.tools.win32_10.3.0.201811011841/tools/bin/../lib/gcc/arm-none-eabi/7.3.1/../../../../arm-none-eabi/lib/thumb/v6-m\libcr_nohost_nf.a(__ciob.o)
 .ARM.attributes
                0x00000778       0x31 c:/nxp/mcuxpressoide_10.3.1_2233/ide/plugins/com.nxp.mcuxpresso.tools.win32_10.3.0.201811011841/tools/bin/../lib/gcc/arm-none-eabi/7.3.1/../../../../arm-none-eabi/lib/thumb/v6-m\libcr_nohost_nf.a(__sys_close.o)
 .ARM.attributes
                0x000007a9       0x31 c:/nxp/mcuxpressoide_10.3.1_2233/ide/plugins/com.nxp.mcuxpresso.tools.win32_10.3.0.201811011841/tools/bin/../lib/gcc/arm-none-eabi/7.3.1/../../../../arm-none-eabi/lib/thumb/v6-m\libcr_nohost_nf.a(__sys_flen.o)
 .ARM.attributes
                0x000007da       0x31 c:/nxp/mcuxpressoide_10.3.1_2233/ide/plugins/com.nxp.mcuxpresso.tools.win32_10.3.0.201811011841/tools/bin/../lib/gcc/arm-none-eabi/7.3.1/../../../../arm-none-eabi/lib/thumb/v6-m\libcr_nohost_nf.a(__sys_istty.o)
 .ARM.attributes
                0x0000080b       0x31 c:/nxp/mcuxpressoide_10.3.1_2233/ide/plugins/com.nxp.mcuxpresso.tools.win32_10.3.0.201811011841/tools/bin/../lib/gcc/arm-none-eabi/7.3.1/../../../../arm-none-eabi/lib/thumb/v6-m\libcr_nohost_nf.a(__sys_remove.o)
 .ARM.attributes
                0x0000083c       0x31 c:/nxp/mcuxpressoide_10.3.1_2233/ide/plugins/com.nxp.mcuxpresso.tools.win32_10.3.0.201811011841/tools/bin/../lib/gcc/arm-none-eabi/7.3.1/../../../../arm-none-eabi/lib/thumb/v6-m\libcr_nohost_nf.a(__sys_seek.o)
 .ARM.attributes
                0x0000086d       0x31 c:/nxp/mcuxpressoide_10.3.1_2233/ide/plugins/com.nxp.mcuxpresso.tools.win32_10.3.0.201811011841/tools/bin/../lib/gcc/arm-none-eabi/7.3.1/../../../../arm-none-eabi/lib/thumb/v6-m\libcr_nohost_nf.a(__sys_tmpnam.o)
 .ARM.attributes
                0x0000089e       0x31 c:/nxp/mcuxpressoide_10.3.1_2233/ide/plugins/com.nxp.mcuxpresso.tools.win32_10.3.0.201811011841/tools/bin/../lib/gcc/arm-none-eabi/7.3.1/../../../../arm-none-eabi/lib/thumb/v6-m\libcr_nohost_nf.a(__sys_write.o)

.debug_frame    0x00000000     0x1990
 .debug_frame   0x00000000      0x1f0 ./utilities/fsl_debug_console.o
 .debug_frame   0x000001f0      0x3b0 ./startup/startup_mkl25z4.o
 .debug_frame   0x000005a0       0x2c ./source/buffahiti_4.o
 .debug_frame   0x000005cc       0xfc ./source/fsm.o
 .debug_frame   0x000006c8       0x68 ./source/pwm_touch.o
 .debug_frame   0x00000730       0x20 ./source/semihost_hardfault.o
 .debug_frame   0x00000750      0x6e0 ./drivers/fsl_clock.o
 .debug_frame   0x00000e30       0x90 ./drivers/fsl_common.o
 .debug_frame   0x00000ec0      0x418 ./drivers/fsl_lpsci.o
 .debug_frame   0x000012d8      0x468 ./drivers/fsl_uart.o
 .debug_frame   0x00001740       0x50 ./board/board.o
 .debug_frame   0x00001790      0x100 ./board/clock_config.o
 .debug_frame   0x00001890       0x2c ./board/peripherals.o
 .debug_frame   0x000018bc       0x88 ./board/pin_mux.o
 .debug_frame   0x00001944       0x4c ./CMSIS/system_MKL25Z4.o
